Running with N = 32
632
683
51.6918
829
633
0.082944
581
618
0.09632
Running with N = 64
1099
1155
1.55238
1211
1339
0.113664
1157
1479
0.182176
Running with N = 128
2648
2653
1.33222
2763
2380
0.398336
2470
2371
0.46816
Running with N = 256
5314
5387
1.57818
5452
5429
0.525408
5671
4572
1.25312
Running with N = 512
10711
9619
2.65318
10072
9161
1.66608
10669
10275
4.5105
Running with N = 1024
21373
19844
9.45942
20025
22177
9.69235
20498
20853
18.0316
Running with N = 2048
42586
41561
42.6167
41155
40217
45.4728
40294
41042
91.4341
Running with N = 4096
82903
82628
192.305
82636
82591
185.503
83865
83747
430.891
Running with N = 8192
164602
164133
1122.8
168112
162568
1131.14
163854
163954
3075.04
Running with N = 16384
331385
328646
7993.08
333993
333428
8092.68
332655
331515
22899
