#n time_1024 time_288
1024 2.53546 0.829408
2048 1.02502 0.94704
4096 0.969728 0.892832
8192 0.708608 0.765952
16384 0.884576 0.984864
32768 0.982016 0.809984
65536 1.00045 0.82944
131072 0.884864 0.78848
262144 0.792416 0.823456
524288 0.881408 1.01376
1048576 0.85504 0.878304
2097152 1.0025 1.00864
4194304 1.02083 0.992256
8388608 1.18886 1.06112
16777216 1.50528 1.41923
33554432 2.04064 1.90259
67108864 3.02195 3.01034
134217728 5.2777 5.12614
268435456 9.57747 9.6471
536870912 18.1504 18.4125
